// Jest Snapshot v1, https://goo.gl/fbAQLP

exports[`Render Navbar 1`] = `
<header
  className="header"
>
  <div
    className="logo"
  >
    <img
      alt="Logo"
      src="planet.png"
    />
  </div>
  <div
    className="title"
  >
    <h1>
      Space Traveler\`s Hub
    </h1>
  </div>
  <div>
    <ul
      className="ul-nav"
    >
      <li
        className="link-item"
      >
        <a
          aria-current="page"
          className="item active"
          href="/"
          onClick={[Function]}
        >
          Rockets
        </a>
      </li>
      <li
        className="link-item"
      >
        <a
          className="item"
          href="/Missions"
          onClick={[Function]}
        >
          Missions
        </a>
      </li>
      <li
        className="link-item"
      >
        <a
          className="item"
          href="/Profile"
          onClick={[Function]}
        >
          My Profile
        </a>
      </li>
    </ul>
  </div>
</header>
`;
