// Jest Snapshot v1, https://goo.gl/fbAQLP

exports[`Rockets Testing Render Rockets 1`] = `
<div
  className="rockets-wrapper"
/>
`;
